// Jest Snapshot v1, https://goo.gl/fbAQLP

exports[`getTemplateFileStrings Converts a JSON template to stringified JSON 1`] = `
"{
  "just-a-string": "It's just words",
  "just-a-number": 8,
  "an_array": [
    "someValue",
    {
      "a nested": "object"
    }
  ],
  "anObject": {
    "anotherString": "words inside an object",
    "aReferenceToSomeExternalFile": "../wherever/it/is/referencedFileA.json",
    "anArray": [
      {
        "some": "thing",
        "anotherReferenceToSomeExternalFile": "../wherever/it/is/referencedFileB.json"
      }
    ]
  }
}"
`;

exports[`getTemplateFileStrings Converts a JSON template to stringified YAML 1`] = `
"just-a-string: "It's just words"
just-a-number: 8
an_array:
  - "someValue"
  - a nested: "object"
anObject:
  anotherString: "words inside an object"
  aReferenceToSomeExternalFile: "../wherever/it/is/referencedFileA.yaml"
  anArray:
    - some: "thing"
      anotherReferenceToSomeExternalFile: "../wherever/it/is/referencedFileB.yaml"
"
`;
